MPLINK 4.49, Linker
Linker Map File - Created Fri Feb 07 09:43:34 2020

                                 Section Info
                  Section       Type    Address   Location Size(Bytes)
                ---------  ---------  ---------  ---------  ---------
                   .org_0       code   0x000000    program   0x000000
                   .org_1       code   0x000000    program   0x000002
                   .org_2       code   0x000004    program   0x000072



                              Program Memory Usage 
                               Start         End      
                           ---------   ---------      
                            0x000000    0x000000      
                            0x000004    0x00003c      
            58 out of 8455 program addresses used, program memory utilization is 0%



                              Symbols - Sorted by Name
                     Name    Address   Location    Storage File                     
                ---------  ---------  ---------  --------- ---------                
                   Delay1   0x000033    program     static C:\Users\Aluno\Desktop\PortableGit\ecai11\simon_game\code\main.asm
                   Delay2   0x000039    program     static C:\Users\Aluno\Desktop\PortableGit\ecai11\simon_game\code\main.asm
                Delay_1ms   0x000031    program     static C:\Users\Aluno\Desktop\PortableGit\ecai11\simon_game\code\main.asm
                 Delay_1s   0x00002b    program     static C:\Users\Aluno\Desktop\PortableGit\ecai11\simon_game\code\main.asm
              Delay_200ms   0x000037    program     static C:\Users\Aluno\Desktop\PortableGit\ecai11\simon_game\code\main.asm
             LedCountLoop   0x000012    program     static C:\Users\Aluno\Desktop\PortableGit\ecai11\simon_game\code\main.asm
                     Main   0x00000a    program     static C:\Users\Aluno\Desktop\PortableGit\ecai11\simon_game\code\main.asm
      RotinaInicializacao   0x00000c    program     static C:\Users\Aluno\Desktop\PortableGit\ecai11\simon_game\code\main.asm
                    Start   0x000005    program     static C:\Users\Aluno\Desktop\PortableGit\ecai11\simon_game\code\main.asm



                              Symbols - Sorted by Address
                     Name    Address   Location    Storage File                     
                ---------  ---------  ---------  --------- ---------                
                    Start   0x000005    program     static C:\Users\Aluno\Desktop\PortableGit\ecai11\simon_game\code\main.asm
                     Main   0x00000a    program     static C:\Users\Aluno\Desktop\PortableGit\ecai11\simon_game\code\main.asm
      RotinaInicializacao   0x00000c    program     static C:\Users\Aluno\Desktop\PortableGit\ecai11\simon_game\code\main.asm
             LedCountLoop   0x000012    program     static C:\Users\Aluno\Desktop\PortableGit\ecai11\simon_game\code\main.asm
                 Delay_1s   0x00002b    program     static C:\Users\Aluno\Desktop\PortableGit\ecai11\simon_game\code\main.asm
                Delay_1ms   0x000031    program     static C:\Users\Aluno\Desktop\PortableGit\ecai11\simon_game\code\main.asm
                   Delay1   0x000033    program     static C:\Users\Aluno\Desktop\PortableGit\ecai11\simon_game\code\main.asm
              Delay_200ms   0x000037    program     static C:\Users\Aluno\Desktop\PortableGit\ecai11\simon_game\code\main.asm
                   Delay2   0x000039    program     static C:\Users\Aluno\Desktop\PortableGit\ecai11\simon_game\code\main.asm


